true
true
true
true
true
true
"[C:/Users/silam/OneDrive/Documents/CONDENSING UNIT/modelica/vendor/ThermoCycle-library/ThermoCycle/Components/HeatFlow/HeatTransfer/SinglePhaseCorrelations/DittusBoelter1930.mo:50:31-50:250:writable] Warning: Lexer treating \\ as \\\\, since \\< is not a valid Modelica escape sequence.
Warning: ThermoCycle requested package Modelica of version 3.2.1. Modelica 4.1.0 is used instead which states that it is only compatible with a conversion script. Use convertPackageToLibrary(ThermoCycle, Modelica, \"4.1.0\") to run the conversion script or proceed with potential issues as a result.
"
record SimulationResult
    resultFile = "C:/Users/silam/OneDrive/Documents/CONDENSING UNIT/modelica/AirSide_100pct_res.mat",
    simulationOptions = "startTime = 0.0, stopTime = 5.0, numberOfIntervals = 500, tolerance = 1e-6, method = 'dassl', fileNamePrefix = 'AirSide_100pct', options = '', outputFormat = 'mat', variableFilter = '.*', cflags = '', simflags = '-override=mdot_air=0.40'",
    messages = "LOG_SUCCESS       | info    | The initialization finished successfully without homotopy method.
LOG_STDOUT        | info    | @@mdot=0.4 U=60.0006 Q_tot=-837.534 T_air_out=-22.0924
LOG_SUCCESS       | info    | The simulation finished successfully.
",
    timeFrontend = 1.3981532,
    timeBackend = 0.0839848,
    timeSimCode = 0.0632751,
    timeTemplates = 0.1500022,
    timeCompile = 4.9404265,
    timeSimulation = 0.4591033,
    timeTotal = 7.0968421
end SimulationResult;

record SimulationResult
    resultFile = "C:/Users/silam/OneDrive/Documents/CONDENSING UNIT/modelica/AirSide_040pct_res.mat",
    simulationOptions = "startTime = 0.0, stopTime = 5.0, numberOfIntervals = 500, tolerance = 1e-6, method = 'dassl', fileNamePrefix = 'AirSide_040pct', options = '', outputFormat = 'mat', variableFilter = '.*', cflags = '', simflags = '-override=mdot_air=0.16'",
    messages = "LOG_SUCCESS       | info    | The initialization finished successfully without homotopy method.
LOG_STDOUT        | info    | @@mdot=0.16 U=28.8276 Q_tot=-396.856 T_air_out=-22.477
LOG_SUCCESS       | info    | The simulation finished successfully.
",
    timeFrontend = 0.7655333,
    timeBackend = 0.0436374,
    timeSimCode = 0.0120428,
    timeTemplates = 0.1508393,
    timeCompile = 4.8031357,
    timeSimulation = 0.3798161,
    timeTotal = 6.156115
end SimulationResult;

