true
true
true
true
true
true
true
true
"Check of Flow1DimCS_test completed successfully.
Class Flow1DimCS_test has 536 equation(s) and 536 variable(s).
294 of these are trivial equation(s)."
@@CHK=Check of Flow1DimCS_test completed successfully.
Class Flow1DimCS_test has 536 equation(s) and 536 variable(s).
294 of these are trivial equation(s).@@

@@CE=[C:/Users/silam/OneDrive/Documents/CONDENSING UNIT/modelica/vendor/ThermoCycle-library/ThermoCycle/Components/HeatFlow/HeatTransfer/SinglePhaseCorrelations/DittusBoelter1930.mo:50:31-50:250:writable] Warning: Lexer treating \ as \\, since \< is not a valid Modelica escape sequence.
Warning: ThermoCycle requested package Modelica of version 3.2.1. Modelica 4.1.0 is used instead which states that it is only compatible with a conversion script. Use convertPackageToLibrary(ThermoCycle, Modelica, "4.1.0") to run the conversion script or proceed with potential issues as a result.
[C:/Users/silam/AppData/Roaming/.openmodelica/libraries/ExternalMedia 4.1.1/Media/BaseClasses/ExternalTwoPhaseMedium.mo:362:13-366:19:writable] Warning: Pure function 'Flow1DimCS_test.source.Medium.setState_pTX' contains a call to impure function 'Flow1DimCS_test.source.Medium.setState_pT'.
@@

record SimulationResult
    resultFile = "C:/Users/silam/OneDrive/Documents/CONDENSING UNIT/modelica/Flow1DimCS_test_res.mat",
    simulationOptions = "startTime = 0.0, stopTime = 5.0, numberOfIntervals = 500, tolerance = 1e-6, method = 'dassl', fileNamePrefix = 'Flow1DimCS_test', options = '', outputFormat = 'mat', variableFilter = '.*', cflags = '', simflags = ''",
    messages = "calc_transport has the value of 1
TTSE is off
enable_TTSE has the value of 0
BICUBIC is off
enable_BICUBIC has the value of 0
enable_EXTTP has the value of 1
twophase_derivsmoothing_xend has the value of 0.0
rho_smoothing_xend has the value of 0.0
debug has the value of 0
LOG_SUCCESS       | info    | The initialization finished successfully without homotopy method.
LOG_STDOUT        | info    | @@Q_tot=1568.73
LOG_STDOUT        | info    | @@M_tot=0.0226977
LOG_STDOUT        | info    | @@h_out=310604
LOG_SUCCESS       | info    | The simulation finished successfully.
",
    timeFrontend = 11.4641477,
    timeBackend = 0.5208675,
    timeSimCode = 0.1256231,
    timeTemplates = 0.1985453,
    timeCompile = 6.4667184,
    timeSimulation = 1.9276644,
    timeTotal = 20.7044797
end SimulationResult;

@@ERR=[C:/Users/silam/AppData/Roaming/.openmodelica/libraries/ExternalMedia 4.1.1/Media/BaseClasses/ExternalTwoPhaseMedium.mo:362:13-366:19:writable] Warning: Pure function 'Flow1DimCS_test.source.Medium.setState_pTX' contains a call to impure function 'Flow1DimCS_test.source.Medium.setState_pT'.
Warning: The model contains alias variables with redundant start and/or conflicting nominal values. It is recommended to resolve the conflicts, because otherwise the system could be hard to solve. To print the conflicting alias sets and the chosen candidates please use -d=aliasConflicts.
Warning: The initial conditions are not fully specified. For more information set -d=initialization. In OMEdit Tools->Options->Simulation->Show additional information from the initialization process, in OMNotebook call setCommandLineOptions("-d=initialization").
[C:/Users/silam/OneDrive/Documents/CONDENSING UNIT/modelica/spikes/PathB/run_flow1dimcs.mos:13:1-13:43:writable] Error: Variable r.resultFile not found in scope <global scope>.
@@

