true
true
true
true
true
true
true
true
"[C:/Users/silam/OneDrive/Documents/CONDENSING UNIT/modelica/vendor/ThermoCycle-library/ThermoCycle/Components/HeatFlow/HeatTransfer/SinglePhaseCorrelations/DittusBoelter1930.mo:50:31-50:250:writable] Warning: Lexer treating \\ as \\\\, since \\< is not a valid Modelica escape sequence.
Warning: ThermoCycle requested package Modelica of version 3.2.1. Modelica 4.1.0 is used instead which states that it is only compatible with a conversion script. Use convertPackageToLibrary(ThermoCycle, Modelica, \"4.1.0\") to run the conversion script or proceed with potential issues as a result.
"
true
record SimulationResult
    resultFile = "",
    simulationOptions = "startTime = 0.0, stopTime = 30.0, numberOfIntervals = 500, tolerance = 1e-6, method = 'dassl', fileNamePrefix = 'RefrigerationTrainer.ClosedLoopM1e', options = '', outputFormat = 'mat', variableFilter = '.*', cflags = '', simflags = ''",
    messages = "Failed to build model: RefrigerationTrainer.ClosedLoopM1e",
    timeFrontend = 22.6632125,
    timeBackend = 0.847396,
    timeSimCode = 0.1873392,
    timeTemplates = 0.5427184,
    timeCompile = 8.4069286,
    timeSimulation = 0.0,
    timeTotal = 32.6491252
end SimulationResult;
@@E=[C:/Users/silam/AppData/Roaming/.openmodelica/libraries/ExternalMedia 4.1.1/Media/BaseClasses/ExternalTwoPhaseMedium.mo:362:13-366:19:writable] Warning: Pure function 'RefrigerationTrainer.ClosedLoopM1e.txv.Medium.setState_pTX' contains a call to impure function 'RefrigerationTrainer.ClosedLoopM1e.txv.Medium.setState_pT'.
[C:/OM127/OM64bit/OMCompiler/Compiler/BackEnd/Differentiate.mo:210:7-210:149:writable] Error: Derivative of expression "der(drive.phi) - drive.w_fixed" w.r.t. "drive.phi" is non-existent.
[C:/OM127/OM64bit/OMCompiler/Compiler/BackEnd/ExpressionSolve.mo:195:9-195:216:writable] Error: Internal error Failed to solve "drive.w_fixed = der(drive.phi)" w.r.t. "drive.phi"
[C:/OM127/OM64bit/OMCompiler/Compiler/BackEnd/Differentiate.mo:210:7-210:149:writable] Error: Derivative of expression "der(drive.phi) - drive.w_fixed" w.r.t. "drive.phi" is non-existent.
[C:/OM127/OM64bit/OMCompiler/Compiler/BackEnd/ExpressionSolve.mo:195:9-195:216:writable] Error: Internal error Failed to solve "drive.w_fixed = der(drive.phi)" w.r.t. "drive.phi"
Warning: The model contains alias variables with redundant start and/or conflicting nominal values. It is recommended to resolve the conflicts, because otherwise the system could be hard to solve. To print the conflicting alias sets and the chosen candidates please use -d=aliasConflicts.
[C:/OM127/OM64bit/OMCompiler/Compiler/BackEnd/Differentiate.mo:210:7-210:149:writable] Error: Derivative of expression "evap.Cells[3].M_dot_su * (evap.Cells[3].h - evap.Cells[3].hnode_su) + evap.Cells[3].M_dot_ex * (evap.Cells[4].hnode_su - evap.Cells[3].h) + evap.Cells[3].Vi * evap.Cells[3].rho * der(evap.Cells[3].h) - evap.Cells[3].Q_tot - evap.Cells[3].Vi * der(evap.Cells[5].p)" w.r.t. "evap.Cells.Q_tot" is non-existent.
[C:/OM127/OM64bit/OMCompiler/Compiler/BackEnd/Differentiate.mo:210:7-210:149:writable] Error: Derivative of expression "evap.Cells[5].M_dot_su * (evap.Cells[5].h - evap.Cells[5].hnode_su) + evap.Cells[5].M_dot_ex * (evap.Cells[5].hnode_ex - evap.Cells[5].h) + evap.Cells[5].Vi * evap.Cells[5].rho * der(evap.Cells[5].h) - evap.Cells[5].Q_tot - evap.Cells[5].Vi * der(evap.Cells[5].p)" w.r.t. "evap.Cells.Q_tot" is non-existent.
[C:/OM127/OM64bit/OMCompiler/Compiler/BackEnd/Differentiate.mo:210:7-210:149:writable] Error: Derivative of expression "evap.Cells[1].Vi * (evap.Cells[1].drdh * der(evap.Cells[1].h) + evap.Cells[1].drdp * der(evap.Cells[5].p)) - evap.Cells[1].dMdt" w.r.t. "evap.Cells.Q_tot" is non-existent.
[C:/OM127/OM64bit/OMCompiler/Compiler/BackEnd/Differentiate.mo:210:7-210:149:writable] Error: Derivative of expression "evap.Cells[1].M_dot_su * (evap.Cells[1].h - evap.Cells[1].hnode_su) + evap.Cells[1].M_dot_ex * (evap.Cells[2].hnode_su - evap.Cells[1].h) + evap.Cells[1].Vi * evap.Cells[1].rho * der(evap.Cells[1].h) - evap.Cells[1].Q_tot - evap.Cells[1].Vi * der(evap.Cells[5].p)" w.r.t. "evap.Cells.Q_tot" is non-existent.
[C:/OM127/OM64bit/OMCompiler/Compiler/BackEnd/Differentiate.mo:210:7-210:149:writable] Error: Derivative of expression "evap.Cells[5].Vi * (evap.Cells[5].drdh * der(evap.Cells[5].h) + evap.Cells[5].drdp * der(evap.Cells[5].p)) - evap.Cells[5].dMdt" w.r.t. "evap.Cells.Q_tot" is non-existent.
[C:/OM127/OM64bit/OMCompiler/Compiler/BackEnd/Differentiate.mo:210:7-210:149:writable] Error: Derivative of expression "evap.Cells[4].Vi * (evap.Cells[4].drdh * der(evap.Cells[4].h) + evap.Cells[4].drdp * der(evap.Cells[5].p)) - evap.Cells[4].dMdt" w.r.t. "evap.Cells.Q_tot" is non-existent.
[C:/OM127/OM64bit/OMCompiler/Compiler/BackEnd/Differentiate.mo:210:7-210:149:writable] Error: Derivative of expression "evap.Cells[4].M_dot_su * (evap.Cells[4].h - evap.Cells[4].hnode_su) + evap.Cells[4].M_dot_ex * (evap.Cells[5].hnode_su - evap.Cells[4].h) + evap.Cells[4].Vi * evap.Cells[4].rho * der(evap.Cells[4].h) - evap.Cells[4].Q_tot - evap.Cells[4].Vi * der(evap.Cells[5].p)" w.r.t. "evap.Cells.Q_tot" is non-existent.
[C:/OM127/OM64bit/OMCompiler/Compiler/BackEnd/Differentiate.mo:210:7-210:149:writable] Error: Derivative of expression "evap.Cells[3].Vi * (evap.Cells[3].drdh * der(evap.Cells[3].h) + evap.Cells[3].drdp * der(evap.Cells[5].p)) - evap.Cells[3].dMdt" w.r.t. "evap.Cells.Q_tot" is non-existent.
[C:/OM127/OM64bit/OMCompiler/Compiler/BackEnd/Differentiate.mo:210:7-210:149:writable] Error: Derivative of expression "evap.Cells[2].Vi * (evap.Cells[2].drdh * der(evap.Cells[2].h) + evap.Cells[2].drdp * der(evap.Cells[5].p)) - evap.Cells[2].dMdt" w.r.t. "evap.Cells.Q_tot" is non-existent.
[C:/OM127/OM64bit/OMCompiler/Compiler/BackEnd/Differentiate.mo:210:7-210:149:writable] Error: Derivative of expression "evap.Cells[2].M_dot_su * (evap.Cells[2].h - evap.Cells[2].hnode_su) + evap.Cells[2].M_dot_ex * (evap.Cells[3].hnode_su - evap.Cells[2].h) + evap.Cells[2].Vi * evap.Cells[2].rho * der(evap.Cells[2].h) - evap.Cells[2].Q_tot - evap.Cells[2].Vi * der(evap.Cells[5].p)" w.r.t. "evap.Cells.Q_tot" is non-existent.
[C:/OM127/OM64bit/OMCompiler/Compiler/BackEnd/Differentiate.mo:210:7-210:149:writable] Error: Derivative of expression "cond.Cells[2].M_dot_su * (cond.Cells[2].h - cond.Cells[2].hnode_su) + cond.Cells[2].M_dot_ex * (cond.Cells[3].hnode_su - cond.Cells[2].h) + cond.Cells[2].Vi * cond.Cells[2].rho * der(cond.Cells[2].h) - cond.Cells[2].Q_tot - cond.Cells[2].Vi * der(cond.Cells[1].p)" w.r.t. "cond.Cells.Q_tot" is non-existent.
[C:/OM127/OM64bit/OMCompiler/Compiler/BackEnd/Differentiate.mo:210:7-210:149:writable] Error: Derivative of expression "cond.Cells[1].Vi * (cond.Cells[1].drdh * der(cond.Cells[1].h) + cond.Cells[1].drdp * der(cond.Cells[1].p)) - cond.Cells[1].dMdt" w.r.t. "cond.Cells.Q_tot" is non-existent.
[C:/OM127/OM64bit/OMCompiler/Compiler/BackEnd/Differentiate.mo:210:7-210:149:writable] Error: Derivative of expression "cond.Cells[1].M_dot_su * (cond.Cells[1].h - cond.Cells[1].hnode_su) + cond.Cells[1].M_dot_ex * (cond.Cells[2].hnode_su - cond.Cells[1].h) + cond.Cells[1].Vi * cond.Cells[1].rho * der(cond.Cells[1].h) - cond.Cells[1].Q_tot - cond.Cells[1].Vi * der(cond.Cells[1].p)" w.r.t. "cond.Cells.Q_tot" is non-existent.
[C:/OM127/OM64bit/OMCompiler/Compiler/BackEnd/Differentiate.mo:210:7-210:149:writable] Error: Derivative of expression "cond.Cells[4].M_dot_su * (cond.Cells[4].h - cond.Cells[4].hnode_su) + cond.Cells[4].M_dot_ex * (cond.Cells[5].hnode_su - cond.Cells[4].h) + cond.Cells[4].Vi * cond.Cells[4].rho * der(cond.Cells[4].h) - cond.Cells[4].Q_tot - cond.Cells[4].Vi * der(cond.Cells[1].p)" w.r.t. "cond.Cells.Q_tot" is non-existent.
[C:/OM127/OM64bit/OMCompiler/Compiler/BackEnd/Differentiate.mo:210:7-210:149:writable] Error: Derivative of expression "cond.Cells[5].M_dot_su * (cond.Cells[5].h - cond.Cells[5].hnode_su) + cond.Cells[5].M_dot_ex * (evap.Cells[1].hnode_su - cond.Cells[5].h) + cond.Cells[5].Vi * cond.Cells[5].rho * der(cond.Cells[5].h) - cond.Cells[5].Q_tot - cond.Cells[5].Vi * der(cond.Cells[1].p)" w.r.t. "cond.Cells.Q_tot" is non-existent.
[C:/OM127/OM64bit/OMCompiler/Compiler/BackEnd/Differentiate.mo:210:7-210:149:writable] Error: Derivative of expression "cond.Cells[5].Vi * (cond.Cells[5].drdh * der(cond.Cells[5].h) + cond.Cells[5].drdp * der(cond.Cells[1].p)) - cond.Cells[5].dMdt" w.r.t. "cond.Cells.Q_tot" is non-existent.
[C:/OM127/OM64bit/OMCompiler/Compiler/BackEnd/Differentiate.mo:210:7-210:149:writable] Error: Derivative of expression "cond.Cells[4].Vi * (cond.Cells[4].drdh * der(cond.Cells[4].h) + cond.Cells[4].drdp * der(cond.Cells[1].p)) - cond.Cells[4].dMdt" w.r.t. "cond.Cells.Q_tot" is non-existent.
[C:/OM127/OM64bit/OMCompiler/Compiler/BackEnd/Differentiate.mo:210:7-210:149:writable] Error: Derivative of expression "cond.Cells[3].Vi * (cond.Cells[3].drdh * der(cond.Cells[3].h) + cond.Cells[3].drdp * der(cond.Cells[1].p)) - cond.Cells[3].dMdt" w.r.t. "cond.Cells.Q_tot" is non-existent.
[C:/OM127/OM64bit/OMCompiler/Compiler/BackEnd/Differentiate.mo:210:7-210:149:writable] Error: Derivative of expression "cond.Cells[3].M_dot_su * (cond.Cells[3].h - cond.Cells[3].hnode_su) + cond.Cells[3].M_dot_ex * (cond.Cells[4].hnode_su - cond.Cells[3].h) + cond.Cells[3].Vi * cond.Cells[3].rho * der(cond.Cells[3].h) - cond.Cells[3].Q_tot - cond.Cells[3].Vi * der(cond.Cells[1].p)" w.r.t. "cond.Cells.Q_tot" is non-existent.
[C:/OM127/OM64bit/OMCompiler/Compiler/BackEnd/Differentiate.mo:210:7-210:149:writable] Error: Derivative of expression "cond.Cells[2].Vi * (cond.Cells[2].drdh * der(cond.Cells[2].h) + cond.Cells[2].drdp * der(cond.Cells[1].p)) - cond.Cells[2].dMdt" w.r.t. "cond.Cells.Q_tot" is non-existent.
[C:/OM127/OM64bit/OMCompiler/Compiler/BackEnd/Differentiate.mo:210:7-210:149:writable] Error: Derivative of expression "subcooling_k - (T_cond_sat_k - RefrigerationTrainer.ClosedLoopM1e.Med.setState_ph(p_discharge_pa, evap.Cells[1].hnode_su, 0).T)" w.r.t. "evap.Cells.hnode_su" is non-existent.
[C:/OM127/OM64bit/OMCompiler/Compiler/BackEnd/Differentiate.mo:210:7-210:149:writable] Error: Derivative of expression "subcooling_k - (T_cond_sat_k - RefrigerationTrainer.ClosedLoopM1e.Med.setState_ph(p_discharge_pa, evap.Cells[1].hnode_su, 0).T)" w.r.t. "p_discharge_pa" is non-existent.
[C:/OM127/OM64bit/OMCompiler/Compiler/BackEnd/Differentiate.mo:210:7-210:149:writable] Error: Derivative of expression "superheat_k - (RefrigerationTrainer.ClosedLoopM1e.Med.setState_ph(p_suction_pa, evap.Cells[5].hnode_ex, 0).T - T_evap_sat_k)" w.r.t. "evap.Cells.hnode_ex" is non-existent.
[C:/OM127/OM64bit/OMCompiler/Compiler/BackEnd/Differentiate.mo:210:7-210:149:writable] Error: Derivative of expression "superheat_k - (RefrigerationTrainer.ClosedLoopM1e.Med.setState_ph(p_suction_pa, evap.Cells[5].hnode_ex, 0).T - T_evap_sat_k)" w.r.t. "p_suction_pa" is non-existent.
[C:/OM127/OM64bit/OMCompiler/Compiler/BackEnd/Differentiate.mo:210:7-210:149:writable] Error: Derivative of expression "T_cond_sat_k - RefrigerationTrainer.ClosedLoopM1e.Med.setSat_p(p_discharge_pa).Tsat" w.r.t. "p_discharge_pa" is non-existent.
[C:/OM127/OM64bit/OMCompiler/Compiler/BackEnd/Differentiate.mo:210:7-210:149:writable] Error: Derivative of expression "T_evap_sat_k - RefrigerationTrainer.ClosedLoopM1e.Med.setSat_p(p_suction_pa).Tsat" w.r.t. "p_suction_pa" is non-existent.
Warning: The initial conditions are not fully specified. For more information set -d=initialization. In OMEdit Tools->Options->Simulation->Show additional information from the initialization process, in OMNotebook call setCommandLineOptions("-d=initialization").
[C:/OM127/OM64bit/OMCompiler/Compiler/BackEnd/Differentiate.mo:210:7-210:149:writable] Error: Derivative of expression "der(drive.phi) - drive.w_fixed" w.r.t. "drive.phi" is non-existent.
[C:/OM127/OM64bit/OMCompiler/Compiler/BackEnd/ExpressionSolve.mo:195:9-195:216:writable] Error: Internal error Failed to solve "drive.w_fixed = der(drive.phi)" w.r.t. "drive.phi"
Warning: The tearing heuristic was not able to avoid discrete iteration variables because otherwise the system could not have been torn. This may lead to problems during simulation.
[C:/OM127/OM64bit/OMCompiler/Compiler/BackEnd/Differentiate.mo:210:7-210:149:writable] Error: Derivative of expression "der(drive.phi) - 314.1592653589793" w.r.t. "drive.phi" is non-existent.
[C:/OM127/OM64bit/OMCompiler/Compiler/BackEnd/ExpressionSolve.mo:195:9-195:216:writable] Error: Internal error Failed to solve "der(drive.phi) = 314.1592653589793" w.r.t. "drive.phi"
[C:/OM127/OM64bit/OMCompiler/Compiler/BackEnd/ExpressionSolve.mo:195:9-195:216:writable] Error: Internal error Failed to solve "cond.Cells[1].hnode_su = if noEvent((-m_dot_kg_s) <= 0.0) then comp.h_ex else cond.Cells[1].hnode_su" w.r.t. "m_dot_kg_s"
[C:/OM127/OM64bit/OMCompiler/Compiler/BackEnd/ExpressionSolve.mo:195:9-195:216:writable] Error: Internal error Failed to solve "comp.h_su = if noEvent(m_dot_kg_s <= 0.0) then comp.h_ex else evap.Cells[5].hnode_ex" w.r.t. "m_dot_kg_s"
Error: Error building simulator. Build log: mingw32-make: Entering directory 'C:/Users/silam/OneDrive/DOCUME~1/CONDEN~1/modelica'
clang -municode  -Os -DOM_HAVE_PTHREADS -Wno-parentheses-equality -falign-functions -mstackrealign -msse2 -mfpmath=sse     "-IC:/Users/silam/AppData/Roaming/.openmodelica/libraries/ExternalMedia 4.1.1/Resources/Include" -I"C:/Users/silam/AppData/Local/OpenModelica1270/include/omc/c" -I"C:/Users/silam/AppData/Local/OpenModelica1270/include/omc" -I. -DOPENMODELICA_XML_FROM_FILE_AT_RUNTIME -DOMC_MODEL_PREFIX=RefrigerationTrainer_ClosedLoopM1e -DOMC_NUM_MIXED_SYSTEMS=0 -DOMC_NUM_LINEAR_SYSTEMS=0 -DOMC_NUM_NONLINEAR_SYSTEMS=6 -DOMC_NDELAY_EXPRESSIONS=0 -DOMC_NVAR_STRING=0  -c -o RefrigerationTrainer.ClosedLoopM1e.o RefrigerationTrainer.ClosedLoopM1e.c
clang -municode  -Os -DOM_HAVE_PTHREADS -Wno-parentheses-equality -falign-functions -mstackrealign -msse2 -mfpmath=sse     "-IC:/Users/silam/AppData/Roaming/.openmodelica/libraries/ExternalMedia 4.1.1/Resources/Include" -I"C:/Users/silam/AppData/Local/OpenModelica1270/include/omc/c" -I"C:/Users/silam/AppData/Local/OpenModelica1270/include/omc" -I. -DOPENMODELICA_XML_FROM_FILE_AT_RUNTIME -DOMC_MODEL_PREFIX=RefrigerationTrainer_ClosedLoopM1e -DOMC_NUM_MIXED_SYSTEMS=0 -DOMC_NUM_LINEAR_SYSTEMS=0 -DOMC_NUM_NONLINEAR_SYSTEMS=6 -DOMC_NDELAY_EXPRESSIONS=0 -DOMC_NVAR_STRING=0  -c -o RefrigerationTrainer.ClosedLoopM1e_functions.o RefrigerationTrainer.ClosedLoopM1e_functions.c
clang -municode  -Os -DOM_HAVE_PTHREADS -Wno-parentheses-equality -falign-functions -mstackrealign -msse2 -mfpmath=sse     "-IC:/Users/silam/AppData/Roaming/.openmodelica/libraries/ExternalMedia 4.1.1/Resources/Include" -I"C:/Users/silam/AppData/Local/OpenModelica1270/include/omc/c" -I"C:/Users/silam/AppData/Local/OpenModelica1270/include/omc" -I. -DOPENMODELICA_XML_FROM_FILE_AT_RUNTIME -DOMC_MODEL_PREFIX=RefrigerationTrainer_ClosedLoopM1e -DOMC_NUM_MIXED_SYSTEMS=0 -DOMC_NUM_LINEAR_SYSTEMS=0 -DOMC_NUM_NONLINEAR_SYSTEMS=6 -DOMC_NDELAY_EXPRESSIONS=0 -DOMC_NVAR_STRING=0  -c -o RefrigerationTrainer.ClosedLoopM1e_records.o RefrigerationTrainer.ClosedLoopM1e_records.c
clang -municode  -Os -DOM_HAVE_PTHREADS -Wno-parentheses-equality -falign-functions -mstackrealign -msse2 -mfpmath=sse     "-IC:/Users/silam/AppData/Roaming/.openmodelica/libraries/ExternalMedia 4.1.1/Resources/Include" -I"C:/Users/silam/AppData/Local/OpenModelica1270/include/omc/c" -I"C:/Users/silam/AppData/Local/OpenModelica1270/include/omc" -I. -DOPENMODELICA_XML_FROM_FILE_AT_RUNTIME -DOMC_MODEL_PREFIX=RefrigerationTrainer_ClosedLoopM1e -DOMC_NUM_MIXED_SYSTEMS=0 -DOMC_NUM_LINEAR_SYSTEMS=0 -DOMC_NUM_NONLINEAR_SYSTEMS=6 -DOMC_NDELAY_EXPRESSIONS=0 -DOMC_NVAR_STRING=0  -c -o RefrigerationTrainer.ClosedLoopM1e_01exo.o RefrigerationTrainer.ClosedLoopM1e_01exo.c
clang -municode  -Os -DOM_HAVE_PTHREADS -Wno-parentheses-equality -falign-functions -mstackrealign -msse2 -mfpmath=sse     "-IC:/Users/silam/AppData/Roaming/.openmodelica/libraries/ExternalMedia 4.1.1/Resources/Include" -I"C:/Users/silam/AppData/Local/OpenModelica1270/include/omc/c" -I"C:/Users/silam/AppData/Local/OpenModelica1270/include/omc" -I. -DOPENMODELICA_XML_FROM_FILE_AT_RUNTIME -DOMC_MODEL_PREFIX=RefrigerationTrainer_ClosedLoopM1e -DOMC_NUM_MIXED_SYSTEMS=0 -DOMC_NUM_LINEAR_SYSTEMS=0 -DOMC_NUM_NONLINEAR_SYSTEMS=6 -DOMC_NDELAY_EXPRESSIONS=0 -DOMC_NVAR_STRING=0  -c -o RefrigerationTrainer.ClosedLoopM1e_02nls.o RefrigerationTrainer.ClosedLoopM1e_02nls.c
clang -municode  -Os -DOM_HAVE_PTHREADS -Wno-parentheses-equality -falign-functions -mstackrealign -msse2 -mfpmath=sse     "-IC:/Users/silam/AppData/Roaming/.openmodelica/libraries/ExternalMedia 4.1.1/Resources/Include" -I"C:/Users/silam/AppData/Local/OpenModelica1270/include/omc/c" -I"C:/Users/silam/AppData/Local/OpenModelica1270/include/omc" -I. -DOPENMODELICA_XML_FROM_FILE_AT_RUNTIME -DOMC_MODEL_PREFIX=RefrigerationTrainer_ClosedLoopM1e -DOMC_NUM_MIXED_SYSTEMS=0 -DOMC_NUM_LINEAR_SYSTEMS=0 -DOMC_NUM_NONLINEAR_SYSTEMS=6 -DOMC_NDELAY_EXPRESSIONS=0 -DOMC_NVAR_STRING=0  -c -o RefrigerationTrainer.ClosedLoopM1e_03lsy.o RefrigerationTrainer.ClosedLoopM1e_03lsy.c
clang -municode  -Os -DOM_HAVE_PTHREADS -Wno-parentheses-equality -falign-functions -mstackrealign -msse2 -mfpmath=sse     "-IC:/Users/silam/AppData/Roaming/.openmodelica/libraries/ExternalMedia 4.1.1/Resources/Include" -I"C:/Users/silam/AppData/Local/OpenModelica1270/include/omc/c" -I"C:/Users/silam/AppData/Local/OpenModelica1270/include/omc" -I. -DOPENMODELICA_XML_FROM_FILE_AT_RUNTIME -DOMC_MODEL_PREFIX=RefrigerationTrainer_ClosedLoopM1e -DOMC_NUM_MIXED_SYSTEMS=0 -DOMC_NUM_LINEAR_SYSTEMS=0 -DOMC_NUM_NONLINEAR_SYSTEMS=6 -DOMC_NDELAY_EXPRESSIONS=0 -DOMC_NVAR_STRING=0  -c -o RefrigerationTrainer.ClosedLoopM1e_04set.o RefrigerationTrainer.ClosedLoopM1e_04set.c
clang -municode  -Os -DOM_HAVE_PTHREADS -Wno-parentheses-equality -falign-functions -mstackrealign -msse2 -mfpmath=sse     "-IC:/Users/silam/AppData/Roaming/.openmodelica/libraries/ExternalMedia 4.1.1/Resources/Include" -I"C:/Users/silam/AppData/Local/OpenModelica1270/include/omc/c" -I"C:/Users/silam/AppData/Local/OpenModelica1270/include/omc" -I. -DOPENMODELICA_XML_FROM_FILE_AT_RUNTIME -DOMC_MODEL_PREFIX=RefrigerationTrainer_ClosedLoopM1e -DOMC_NUM_MIXED_SYSTEMS=0 -DOMC_NUM_LINEAR_SYSTEMS=0 -DOMC_NUM_NONLINEAR_SYSTEMS=6 -DOMC_NDELAY_EXPRESSIONS=0 -DOMC_NVAR_STRING=0  -c -o RefrigerationTrainer.ClosedLoopM1e_05evt.o RefrigerationTrainer.ClosedLoopM1e_05evt.c
clang -municode  -Os -DOM_HAVE_PTHREADS -Wno-parentheses-equality -falign-functions -mstackrealign -msse2 -mfpmath=sse     "-IC:/Users/silam/AppData/Roaming/.openmodelica/libraries/ExternalMedia 4.1.1/Resources/Include" -I"C:/Users/silam/AppData/Local/OpenModelica1270/include/omc/c" -I"C:/Users/silam/AppData/Local/OpenModelica1270/include/omc" -I. -DOPENMODELICA_XML_FROM_FILE_AT_RUNTIME -DOMC_MODEL_PREFIX=RefrigerationTrainer_ClosedLoopM1e -DOMC_NUM_MIXED_SYSTEMS=0 -DOMC_NUM_LINEAR_SYSTEMS=0 -DOMC_NUM_NONLINEAR_SYSTEMS=6 -DOMC_NDELAY_EXPRESSIONS=0 -DOMC_NVAR_STRING=0  -c -o RefrigerationTrainer.ClosedLoopM1e_06inz.o RefrigerationTrainer.ClosedLoopM1e_06inz.c
clang -municode  -Os -DOM_HAVE_PTHREADS -Wno-parentheses-equality -falign-functions -mstackrealign -msse2 -mfpmath=sse     "-IC:/Users/silam/AppData/Roaming/.openmodelica/libraries/ExternalMedia 4.1.1/Resources/Include" -I"C:/Users/silam/AppData/Local/OpenModelica1270/include/omc/c" -I"C:/Users/silam/AppData/Local/OpenModelica1270/include/omc" -I. -DOPENMODELICA_XML_FROM_FILE_AT_RUNTIME -DOMC_MODEL_PREFIX=RefrigerationTrainer_ClosedLoopM1e -DOMC_NUM_MIXED_SYSTEMS=0 -DOMC_NUM_LINEAR_SYSTEMS=0 -DOMC_NUM_NONLINEAR_SYSTEMS=6 -DOMC_NDELAY_EXPRESSIONS=0 -DOMC_NVAR_STRING=0  -c -o RefrigerationTrainer.ClosedLoopM1e_07dly.o RefrigerationTrainer.ClosedLoopM1e_07dly.c
clang -municode  -Os -DOM_HAVE_PTHREADS -Wno-parentheses-equality -falign-functions -mstackrealign -msse2 -mfpmath=sse     "-IC:/Users/silam/AppData/Roaming/.openmodelica/libraries/ExternalMedia 4.1.1/Resources/Include" -I"C:/Users/silam/AppData/Local/OpenModelica1270/include/omc/c" -I"C:/Users/silam/AppData/Local/OpenModelica1270/include/omc" -I. -DOPENMODELICA_XML_FROM_FILE_AT_RUNTIME -DOMC_MODEL_PREFIX=RefrigerationTrainer_ClosedLoopM1e -DOMC_NUM_MIXED_SYSTEMS=0 -DOMC_NUM_LINEAR_SYSTEMS=0 -DOMC_NUM_NONLINEAR_SYSTEMS=6 -DOMC_NDELAY_EXPRESSIONS=0 -DOMC_NVAR_STRING=0  -c -o RefrigerationTrainer.ClosedLoopM1e_08bnd.o RefrigerationTrainer.ClosedLoopM1e_08bnd.c
clang -municode  -Os -DOM_HAVE_PTHREADS -Wno-parentheses-equality -falign-functions -mstackrealign -msse2 -mfpmath=sse     "-IC:/Users/silam/AppData/Roaming/.openmodelica/libraries/ExternalMedia 4.1.1/Resources/Include" -I"C:/Users/silam/AppData/Local/OpenModelica1270/include/omc/c" -I"C:/Users/silam/AppData/Local/OpenModelica1270/include/omc" -I. -DOPENMODELICA_XML_FROM_FILE_AT_RUNTIME -DOMC_MODEL_PREFIX=RefrigerationTrainer_ClosedLoopM1e -DOMC_NUM_MIXED_SYSTEMS=0 -DOMC_NUM_LINEAR_SYSTEMS=0 -DOMC_NUM_NONLINEAR_SYSTEMS=6 -DOMC_NDELAY_EXPRESSIONS=0 -DOMC_NVAR_STRING=0  -c -o RefrigerationTrainer.ClosedLoopM1e_09alg.o RefrigerationTrainer.ClosedLoopM1e_09alg.c
RefrigerationTrainer.ClosedLoopM1e_02nls.c:2840:98: error: no member named 'nominal' in 'struct INTEGER_ATTRIBUTE'
 2840 |   sysData->nominal[i] = data->modelData->integerVarsData[26] /* comp.vaporIn.phase */ .attribute.nominal;
      |                         ~~~~~~~~~~~~~~~~~~~~~~~~~~~~~~~~~~~~~~~~~~~~~~~~~~~~~~~~~~~~~~~~~~~~~~~~ ^
1 error generated.
mingw32-make: *** [<builtin>: RefrigerationTrainer.ClosedLoopM1e_02nls.o] Error 1
mingw32-make: *** Waiting for unfinished jobs....
mingw32-make: Leaving directory 'C:/Users/silam/OneDrive/DOCUME~1/CONDEN~1/modelica'
RESULT: 2
@@

