true
true
true
true
true
true
true
true
true
true
true
true
"[C:/Users/silam/OneDrive/Documents/CONDENSING UNIT/modelica/vendor/ThermoCycle-library/ThermoCycle/Components/HeatFlow/HeatTransfer/SinglePhaseCorrelations/DittusBoelter1930.mo:50:31-50:250:writable] Warning: Lexer treating \\ as \\\\, since \\< is not a valid Modelica escape sequence.
Warning: ThermoCycle requested package Modelica of version 3.2.1. Modelica 4.1.0 is used instead which states that it is only compatible with a conversion script. Use convertPackageToLibrary(ThermoCycle, Modelica, \"4.1.0\") to run the conversion script or proceed with potential issues as a result.
"
"Check of RefrigerationTrainer.ClosedLoopM1eCS completed successfully.
Class RefrigerationTrainer.ClosedLoopM1eCS has 1193 equation(s) and 1193 variable(s).
642 of these are trivial equation(s)."
@@CHK=Check of RefrigerationTrainer.ClosedLoopM1eCS completed successfully.
Class RefrigerationTrainer.ClosedLoopM1eCS has 1193 equation(s) and 1193 variable(s).
642 of these are trivial equation(s).@@

"C:/Users/silam/OneDrive/Documents/CONDENSING UNIT/modelica/ClosedLoopM1eCS.fmu"
@@FMU=C:/Users/silam/OneDrive/Documents/CONDENSING UNIT/modelica/ClosedLoopM1eCS.fmu@@

"[C:/Users/silam/AppData/Roaming/.openmodelica/libraries/ExternalMedia 4.1.1/Media/BaseClasses/ExternalTwoPhaseMedium.mo:362:13-366:19:writable] Warning: Pure function 'RefrigerationTrainer.ClosedLoopM1eCS.txv.Medium.setState_pTX' contains a call to impure function 'RefrigerationTrainer.ClosedLoopM1eCS.txv.Medium.setState_pT'.
Warning: The model contains alias variables with redundant start and/or conflicting nominal values. It is recommended to resolve the conflicts, because otherwise the system could be hard to solve. To print the conflicting alias sets and the chosen candidates please use -d=aliasConflicts.
Warning: The initial conditions are not fully specified. For more information set -d=initialization. In OMEdit Tools->Options->Simulation->Show additional information from the initialization process, in OMNotebook call setCommandLineOptions(\"-d=initialization\").
"
true
