true
true
true
true
true
true
true
true
true
true
"[C:/Users/silam/OneDrive/Documents/CONDENSING UNIT/modelica/vendor/ThermoCycle-library/ThermoCycle/Components/HeatFlow/HeatTransfer/SinglePhaseCorrelations/DittusBoelter1930.mo:50:31-50:250:writable] Warning: Lexer treating \\ as \\\\, since \\< is not a valid Modelica escape sequence.
Warning: ThermoCycle requested package Modelica of version 3.2.1. Modelica 4.1.0 is used instead which states that it is only compatible with a conversion script. Use convertPackageToLibrary(ThermoCycle, Modelica, \"4.1.0\") to run the conversion script or proceed with potential issues as a result.
"
"Check of RefrigerationTrainer.ClosedLoopM1eCS completed successfully.
Class RefrigerationTrainer.ClosedLoopM1eCS has 1172 equation(s) and 1172 variable(s).
634 of these are trivial equation(s)."
@@CHK=Check of RefrigerationTrainer.ClosedLoopM1eCS completed successfully.
Class RefrigerationTrainer.ClosedLoopM1eCS has 1172 equation(s) and 1172 variable(s).
634 of these are trivial equation(s).@@

record SimulationResult
    resultFile = "C:/Users/silam/OneDrive/Documents/CONDENSING UNIT/modelica/RefrigerationTrainer.ClosedLoopM1eCS_res.csv",
    simulationOptions = "startTime = 0.0, stopTime = 30.0, numberOfIntervals = 300, tolerance = 1e-6, method = 'dassl', fileNamePrefix = 'RefrigerationTrainer.ClosedLoopM1eCS', options = '', outputFormat = 'csv', variableFilter = '.*', cflags = '', simflags = ''",
    messages = "calc_transport has the value of 1
TTSE is off
enable_TTSE has the value of 0
BICUBIC is off
enable_BICUBIC has the value of 0
enable_EXTTP has the value of 1
twophase_derivsmoothing_xend has the value of 0.0
rho_smoothing_xend has the value of 0.0
debug has the value of 0
LOG_SUCCESS       | info    | The initialization finished successfully without homotopy method.
LOG_SUCCESS       | info    | The simulation finished successfully.
",
    timeFrontend = 19.1022077,
    timeBackend = 0.912012,
    timeSimCode = 0.1448046,
    timeTemplates = 0.4109945,
    timeCompile = 9.907485,
    timeSimulation = 7.1313405,
    timeTotal = 37.6117141
end SimulationResult;
"[C:/Users/silam/AppData/Roaming/.openmodelica/libraries/ExternalMedia 4.1.1/Media/BaseClasses/ExternalTwoPhaseMedium.mo:362:13-366:19:writable] Warning: Pure function 'RefrigerationTrainer.ClosedLoopM1eCS.txv.Medium.setState_pTX' contains a call to impure function 'RefrigerationTrainer.ClosedLoopM1eCS.txv.Medium.setState_pT'.
Warning: The model contains alias variables with redundant start and/or conflicting nominal values. It is recommended to resolve the conflicts, because otherwise the system could be hard to solve. To print the conflicting alias sets and the chosen candidates please use -d=aliasConflicts.
Warning: The initial conditions are not fully specified. For more information set -d=initialization. In OMEdit Tools->Options->Simulation->Show additional information from the initialization process, in OMNotebook call setCommandLineOptions(\"-d=initialization\").
"
true
